
                                 *****************
                                 * O   R   C   A *
                                 *****************

           --- An Ab Initio, DFT and Semiempirical electronic structure package ---

                  #######################################################
                  #                        -***-                        #
                  #  Department of molecular theory and spectroscopy    #
                  #              Directorship: Frank Neese              #
                  # Max Planck Institute for Chemical Energy Conversion #
                  #                  D-45470 Muelheim/Ruhr              #
                  #                       Germany                       #
                  #                                                     #
                  #                  All rights reserved                #
                  #                        -***-                        #
                  #######################################################


                         Program Version 3.0.3 - RELEASE   -


 With contributions from (in alphabetic order):
   Ute Becker             : Parallelization
   Dmytro Bykov           : SCF Hessian
   Dmitry Ganyushin       : Spin-Orbit,Spin-Spin,Magnetic field MRCI
   Andreas Hansen         : Spin unrestricted coupled pair/coupled cluster methods
   Dimitrios Liakos       : Extrapolation schemes; parallel MDCI
   Robert Izsak           : Overlap fitted RIJCOSX, COSX-SCS-MP3
   Christian Kollmar      : KDIIS, OOCD, Brueckner-CCSD(T), CCSD density
   Simone Kossmann        : Meta GGA functionals, TD-DFT gradient, OOMP2, MP2 Hessian
   Taras Petrenko         : DFT Hessian,TD-DFT gradient, ASA and ECA modules, normal mode analysis, Resonance Raman, ABS, FL, XAS/XES, NRVS
   Christoph Reimann      : Effective Core Potentials
   Michael Roemelt        : Restricted open shell CIS
   Christoph Riplinger    : Improved optimizer, TS searches, QM/MM, DLPNO-CCSD
   Barbara Sandhoefer     : DKH picture change effects
   Igor Schapiro          : Molecular dynamics
   Kantharuban Sivalingam : CASSCF convergence, NEVPT2
   Boris Wezisla          : Elementary symmetry handling
   Frank Wennmohs         : Technical directorship


 We gratefully acknowledge several colleagues who have allowed us to
 interface, adapt or use parts of their codes:
   Stefan Grimme, W. Hujo, H. Kruse, T. Risthaus : VdW corrections, initial TS optimization,
                                                   DFT functionals, gCP
   Ed Valeev                                     : LibInt (2-el integral package), F12 methods
   Garnet Chan, S. Sharma, R. Olivares           : DMRG
   Ulf Ekstrom                                   : XCFun DFT Library
   Mihaly Kallay                                 : mrcc  (arbitrary order and MRCC methods)
   Andreas Klamt, Michael Diedenhofen            : otool_cosmo (COSMO solvation model)
   Frank Weinhold                                : gennbo (NPA and NBO analysis)
   Christopher J. Cramer and Donald G. Truhlar   : smd solvation model


 Your calculation uses the libint2 library for the computation of 2-el integrals
 For citations please refer to: http://libint.valeyev.net

 This ORCA versions uses:
   CBLAS   interface :  Fast vector & matrix operations
   LAPACKE interface :  Fast linear algebra routines


Your calculation utilizes the basis: Ahlrichs-VDZ
Cite in your paper:
H - Kr: A. Schaefer, H. Horn and R. Ahlrichs, J. Chem. Phys. 97, 2571 (1992).

Your calculation utilizes the basis: Ahlrichs SVPalls1+f
Cite in your paper:
Rb - Xe: A. Schaefer, C. Huber and R. Ahlrichs, J. Chem. Phys. 100, 5829 (1994).

Your calculation utilizes pol. fcns from basis: Ahlrichs polarization
Cite in your paper:
H - Kr: R. Ahlrichs and coworkers, unpublished

================================================================================
                                        WARNINGS
                       Please study these warnings very carefully!
================================================================================

WARNING: The RI method has been chosen with no auxiliary basis (AUX or GTOAUX in BASIS block)
Your calculation utilizes aux bases from the TurboMole library
Cite in your paper:
The Ahlrichs auxiliary basis sets were obtained from the TurboMole
basis set library under ftp.chemie.uni-karlsruhe.de/pub/jbasen
H - Ba; Hf - At:
      1) K. Eichkorn, O. Treutler, H. Ohm, M. Haser and R. Ahlrichs,
         Chem. Phys. Letters 240, 283 (1995).
      2) K. Eichkorn, F. Weigend, O. Treutler, R. Ahlrichs,
         Theor. Chem. Acc. 97, 119 (1997)
Rb-I : uncontracted bases constructed by FN 'by inspection' (01/2002)


        Standard SV/J expansion basis used (GTOAUX=VDZ_J)

Now building the actual basis set

WARNING: your system is open-shell and RHF/RKS was chosen
  ===> : WILL SWITCH to UHF/UKS


WARNING: Direct SCF is incompatible with ReadInts=true
  ===> : ReadInts is disabled


INFO   : the flag for use of LIBINT has been found!

================================================================================
                                       INPUT FILE
================================================================================
NAME = orca.inp
|  1> # -----------------------------------------------------
|  2> #! UKS LSD SVP grid5 NoFinalGrid TightSCF KeepInts
|  3> # -----------------------------------------------------
|  4> #%eprnmr gtensor 1 end
|  5> #* int 0 2
|  6> #B 0 0 0 0 0 0
|  7> #O 1 0 0 1.2049 0 0
|  8> #*
|  9> # *************************************************
| 10> # ****** This starts the input for the next job *
| 11> # *************************************************
| 12> #$new_job
| 13> # --------------------------------------------------
| 14> ! BP86 SVP SmallPrint ReadInts NoKeepInts
| 15> # --------------------------------------------------
| 16> %eprnmr gtensor 1 end
| 17> * int 0 2
| 18> B 0 0 0 0 0 0
| 19> O 1 0 0 1.2049 0 0
| 20> *
| 21> 
| 22>                          ****END OF INPUT****
================================================================================

                       ****************************
                       * Single Point Calculation *
                       ****************************

---------------------------------
CARTESIAN COORDINATES (ANGSTROEM)
---------------------------------
  B      0.000000    0.000000    0.000000
  O      1.204900    0.000000    0.000000

----------------------------
CARTESIAN COORDINATES (A.U.)
----------------------------
  NO LB      ZA    FRAG    MASS        X           Y           Z
   0 B     5.0000    0    10.810          0.000000000000000          0.000000000000000          0.000000000000000
   1 O     8.0000    0    15.999          2.276931018761716          0.000000000000000          0.000000000000000

--------------------------------
INTERNAL COORDINATES (ANGSTROEM)
--------------------------------
 B      0   0   0   0.000000     0.000     0.000
 O      1   0   0   1.204900     0.000     0.000

---------------------------
INTERNAL COORDINATES (A.U.)
---------------------------
 B      0   0   0   0.000000     0.000     0.000
 O      1   0   0   2.276931     0.000     0.000

---------------------
BASIS SET INFORMATION
---------------------
There are 2 groups of distinct atoms

 Group   1 Type B   : 7s4p1d contracted to 3s2p1d pattern {511/31/1}
 Group   2 Type O   : 7s4p1d contracted to 3s2p1d pattern {511/31/1}

Atom   0B    basis set group =>   1
Atom   1O    basis set group =>   2
-------------------------------
AUXILIARY BASIS SET INFORMATION
-------------------------------
There are 2 groups of distinct atoms

 Group   1 Type B   : 8s3p3d1f contracted to 6s3p3d1f pattern {311111/111/111/1}
 Group   2 Type O   : 8s3p3d1f contracted to 6s3p3d1f pattern {311111/111/111/1}

Atom   0B    basis set group =>   1
Atom   1O    basis set group =>   2
------------------------------------------------------------------------------
                           ORCA GTO INTEGRAL CALCULATION
                           -- RI-GTO INTEGRALS CHOSEN --
------------------------------------------------------------------------------

                         BASIS SET STATISTICS AND STARTUP INFO

Gaussian basis set:
 # of primitive gaussian shells          ...   24
 # of primitive gaussian functions       ...   48
 # of contracted shells                  ...   12
 # of contracted basis functions         ...   28
 Highest angular momentum                ...    2
 Maximum contraction depth               ...    5
Auxiliary gaussian basis set:
 # of primitive gaussian shells          ...   30
 # of primitive gaussian functions       ...   78
 # of contracted shells                  ...   26
 # of contracted aux-basis functions     ...   74
 Highest angular momentum                ...    3
 Maximum contraction depth               ...    3
Ratio of auxiliary to basis functions    ...  2.64
Integral package used                  ... LIBINT
 One Electron integrals                  ... done
 Ordering auxiliary basis shells         ... done
 Integral threshhold             Thresh  ...  1.000e-10
 Primitive cut-off               TCut    ...  1.000e-11
 Pre-screening matrix                    ... done
 Shell pair data                         ... 
 Ordering of the shell pairs             ... done (   0.000 sec) 78 of 78 pairs
 Determination of significant pairs      ... done (   0.000 sec)
 Creation of shell pair data             ... done (   0.000 sec)
 Storage of shell pair data              ... done (   0.016 sec)
 Shell pair data done in (   0.016 sec)
 Computing two index integrals           ... done
 Cholesky decomposition of the V-matrix  ... done


Timings:
 Total evaluation time                   ...   0.591 sec (  0.010 min)
 One electron matrix time                ...   0.013 sec (  0.000 min) =  2.2%
 Schwartz matrix evaluation time         ...   0.266 sec (  0.004 min) = 45.0%
 Two index repulsion integral time       ...   0.003 sec (  0.000 min) =  0.5%
 Cholesky decomposition of V             ...   0.261 sec (  0.004 min) = 44.2%
 Three index repulsion integral time     ...   0.000 sec (  0.000 min) =  0.0%

-------------------------------------------------------------------------------
                                 ORCA SCF
-------------------------------------------------------------------------------

------------
SCF SETTINGS
------------
Hamiltonian:
 Density Functional     Method          .... DFT(GTOs)
 Exchange Functional    Exchange        .... B88
   X-Alpha parameter    XAlpha          ....  0.666667
   Becke's b parameter  XBeta           ....  0.004200
 Correlation Functional Correlation     .... P86
 LDA part of GGA corr.  LDAOpt          .... PW91-LDA
 Gradients option       PostSCFGGA      .... off
 RI-approximation to the Coulomb term is turned on
   Number of auxiliary basis functions  .... 74


General Settings:
 Integral files         IntName         .... orca
 Hartree-Fock type      HFTyp           .... UHF
 Total Charge           Charge          ....    0
 Multiplicity           Mult            ....    2
 Number of Electrons    NEL             ....   13
 Basis Dimension        Dim             ....   28
 Nuclear Repulsion      ENuc            ....     17.5675062926 Eh

Convergence Acceleration:
 DIIS                   CNVDIIS         .... on
   Start iteration      DIISMaxIt       ....    12
   Startup error        DIISStart       ....  0.200000
   # of expansion vecs  DIISMaxEq       ....     5
   Bias factor          DIISBfac        ....   1.050
   Max. coefficient     DIISMaxC        ....  10.000
 Newton-Raphson         CNVNR           .... off
 SOSCF                  CNVSOSCF        .... off
 Level Shifting         CNVShift        .... on
   Level shift para.    LevelShift      ....    0.2500
   Turn off err/grad.   ShiftErr        ....    0.0010
 Zerner damping         CNVZerner       .... off
 Static damping         CNVDamp         .... on
   Fraction old density DampFac         ....    0.7000
   Max. Damping (<1)    DampMax         ....    0.9800
   Min. Damping (>=0)   DampMin         ....    0.0000
   Turn off err/grad.   DampErr         ....    0.1000
 Fernandez-Rico         CNVRico         .... off

SCF Procedure:
 Maximum # iterations   MaxIter         ....   125
 SCF integral mode      SCFMode         .... Direct
   Integral package                     .... LIBINT
 Reset frequeny         DirectResetFreq ....    20
 Integral Threshold     Thresh          ....  1.000e-10 Eh
 Primitive CutOff       TCut            ....  1.000e-11 Eh

Convergence Tolerance:
 Convergence Check Mode ConvCheckMode   .... Total+1el-Energy
 Energy Change          TolE            ....  1.000e-06 Eh
 1-El. energy change                    ....  1.000e-03 Eh
 DIIS Error             TolErr          ....  1.000e-06


Diagonalization of the overlap matrix:
Smallest eigenvalue                        ... 2.330e-02
Time for diagonalization                   ...    0.010 sec
Threshold for overlap eigenvalues          ... 1.000e-08
Number of eigenvalues below threshold      ... 0
Time for construction of square roots      ...    0.021 sec
Total time needed                          ...    0.031 sec

-------------------
DFT GRID GENERATION
-------------------

General Integration Accuracy     IntAcc      ...  4.340
Radial Grid Type                 RadialGrid  ... Gauss-Chebyshev
Angular Grid (max. acc.)         AngularGrid ... Lebedev-110
Angular grid pruning method      GridPruning ... 3 (G Style)
Weight generation scheme         WeightScheme... Becke
Basis function cutoff            BFCut       ...    1.0000e-10
Integration weight cutoff        WCut        ...    1.0000e-14
Grids for H and He will be reduced by one unit

# of grid points (after initial pruning)     ...   3394 (   0.0 sec)
# of grid points (after weights+screening)   ...   3366 (   0.0 sec)
nearest neighbour list constructed           ...    0.0 sec
Grid point re-assignment to atoms done       ...    0.0 sec
Grid point division into batches done        ...    0.0 sec
Reduced shell lists constructed in    0.0 sec

Total number of grid points                  ...     3366
Total number of batches                      ...       54
Average number of points per batch           ...       62
Average number of grid points per atom       ...     1683
Average number of shells per batch           ...    10.09 (84.09%)
Average number of basis functions per batch  ...    23.95 (85.52%)
Average number of large shells per batch     ...     9.60 (95.14%)
Average number of large basis fcns per batch ...    23.05 (96.28%)
Maximum spatial batch extension              ...  21.42, 30.26, 37.06 au
Average spatial batch extension              ...   6.44,  7.92,  7.98 au

Time for grid setup =    0.028 sec

------------------------------
INITIAL GUESS: MODEL POTENTIAL
------------------------------
Loading Hartree-Fock densities                     ... done
Calculating cut-offs                               ... done
Setting up the integral package                    ... done
Initializing the effective Hamiltonian             ... done
Starting the Coulomb interaction                   ... done (   0.2 sec)
Reading the grid                                   ... done
Mapping shells                                     ... done
Starting the XC term evaluation                    ... done (   0.0 sec)
  promolecular density results
     # of electrons  =     13.000164051
     EX              =    -11.918029473
     EC              =     -0.438056084
     EX+EC           =    -12.356085557
Transforming the Hamiltonian                       ... done (   0.0 sec)
Diagonalizing the Hamiltonian                      ... done (   0.0 sec)
Back transforming the eigenvectors                 ... done (   0.0 sec)
Now organizing SCF variables                       ... done
                      ------------------
                      INITIAL GUESS DONE (   0.3 sec)
                      ------------------
--------------
SCF ITERATIONS
--------------
ITER       Energy         Delta-E        Max-DP      RMS-DP      [F,P]     Damp
               ***  Starting incremental Fock matrix formation  ***
  0    -99.7970080036   0.000000000000 0.07377127  0.00648575  0.3449357 0.7000
  1    -99.8814618082  -0.084453804548 0.02983531  0.00235237  0.0499806 0.7000
                               ***Turning on DIIS***
  2    -99.8885821024  -0.007120294194 0.05340216  0.00386870  0.0844439 0.0000
  3    -99.9452431492  -0.056661046778 0.01853271  0.00169651  0.0505586 0.0000
  4    -99.9485774321  -0.003334282912 0.01100191  0.00061615  0.0260388 0.0000
  5    -99.9492747340  -0.000697301983 0.00379562  0.00024349  0.0095906 0.0000
  6    -99.9493952186  -0.000120484534 0.00148436  0.00012848  0.0033711 0.0000
  7    -99.9494235307  -0.000028312091 0.00095883  0.00007554  0.0011411 0.0000
  8    -99.9494322455  -0.000008714782 0.00133474  0.00010203  0.0006459 0.0000
  9    -99.9494374059  -0.000005160451 0.00021507  0.00001557  0.0001634 0.0000
                 **** Energy Check signals convergence ****

               *****************************************************
               *                     SUCCESS                       *
               *           SCF CONVERGED AFTER  10 CYCLES          *
               *****************************************************

Setting up the final grid:

General Integration Accuracy     IntAcc      ...  4.670
Radial Grid Type                 RadialGrid  ... Gauss-Chebyshev
Angular Grid (max. acc.)         AngularGrid ... Lebedev-302
Angular grid pruning method      GridPruning ... 3 (G Style)
Weight generation scheme         WeightScheme... Becke
Basis function cutoff            BFCut       ...    1.0000e-10
Integration weight cutoff        WCut        ...    1.0000e-14
Grids for H and He will be reduced by one unit

# of grid points (after initial pruning)     ...  12340 (   0.0 sec)
# of grid points (after weights+screening)   ...  12309 (   0.0 sec)
nearest neighbour list constructed           ...    0.0 sec
Grid point re-assignment to atoms done       ...    0.0 sec
Grid point division into batches done        ...    0.1 sec
Reduced shell lists constructed in    0.1 sec

Total number of grid points                  ...    12309
Total number of batches                      ...      193
Average number of points per batch           ...       63
Average number of grid points per atom       ...     6154
Average number of shells per batch           ...     9.26 (77.15%)
Average number of basis functions per batch  ...    22.25 (79.46%)
Average number of large shells per batch     ...     8.58 (92.65%)
Average number of large basis fcns per batch ...    20.67 (92.91%)
Maximum spatial batch extension              ...  22.74, 28.80, 28.80 au
Average spatial batch extension              ...   4.41,  4.99,  4.91 au

Final grid set up in    0.1 sec
Final integration                            ... done (   0.1 sec)
Change in XC energy                          ...     0.000023024
Integrated number of electrons               ...    13.000002429
Previous integrated no of electrons          ...    12.999805254

----------------
TOTAL SCF ENERGY
----------------

Total Energy       :          -99.94941455 Eh           -2719.76184 eV

Components:
Nuclear Repulsion  :           17.56750629 Eh             478.03615 eV
Electronic Energy  :         -117.51692084 Eh           -3197.79799 eV

One Electron Energy:         -170.97265481 Eh           -4652.40246 eV
Two Electron Energy:           53.45573397 Eh            1454.60447 eV

Virial components:
Potential Energy   :         -199.20633219 Eh           -5420.67988 eV
Kinetic Energy     :           99.25691765 Eh            2700.91804 eV
Virial Ratio       :            2.00697681


DFT components:
N(Alpha)           :        7.000001476312 electrons
N(Beta)            :        6.000000952677 electrons
N(Total)           :       13.000002428990 electrons
E(X)               :      -12.140594035247 Eh       
E(C)               :       -0.440696266522 Eh       
E(XC)              :      -12.581290301769 Eh       

---------------
SCF CONVERGENCE
---------------

  Last Energy change         ...   -1.6639e-07  Tolerance :   1.0000e-06
  Last MAX-Density change    ...    4.7041e-05  Tolerance :   1.0000e-05
  Last RMS-Density change    ...    3.5846e-06  Tolerance :   1.0000e-06
  Last DIIS Error            ...    5.2133e-05  Tolerance :   1.0000e-06

             **** THE GBW FILE WAS UPDATED (orca.gbw) ****
             **** DENSITY FILE WAS UPDATED (orca.scfp.tmp) ****
             **** ENERGY FILE WAS UPDATED (orca.en.tmp) ****
----------------------
UHF SPIN CONTAMINATION
----------------------

Warning: in a DFT calculation there is little theoretical justification to 
         calculate <S**2> as in Hartree-Fock theory. We will do it anyways
         but you should keep in mind that the values have only limited relevance

Expectation value of <S**2>     :     0.759583
Ideal value S*(S+1) for S=0.5   :     0.750000
Deviation                       :     0.009583

----------------
ORBITAL ENERGIES
----------------
                 SPIN UP ORBITALS
  NO   OCC          E(Eh)            E(eV) 
   0   1.0000     -18.799550      -511.5618 
   1   1.0000      -6.610655      -179.8851 
   2   1.0000      -0.905648       -24.6439 
   3   1.0000      -0.390832       -10.6351 
   4   1.0000      -0.336307        -9.1514 
   5   1.0000      -0.336307        -9.1514 
   6   1.0000      -0.303581        -8.2609 
   7   0.0000      -0.046564        -1.2671 
   8   0.0000      -0.046564        -1.2671 
   9   0.0000       0.114267         3.1094 
  10   0.0000       0.176654         4.8070 
  11   0.0000       0.254080         6.9139 
  12   0.0000       0.254080         6.9139 
  13   0.0000       0.582576        15.8527 
  14   0.0000       0.814918        22.1750 
  15   0.0000       0.933642        25.4057 
  16   0.0000       0.933714        25.4077 
  17   0.0000       0.937403        25.5080 
  18   0.0000       0.937403        25.5080 
  19   0.0000       1.074245        29.2317 
  20   0.0000       1.074245        29.2317 
  21   0.0000       1.142341        31.0847 
  22   0.0000       1.686464        45.8910 
  23   0.0000       2.558623        69.6237 
  24   0.0000       2.560096        69.6638 
  25   0.0000       2.945086        80.1399 
  26   0.0000       2.945086        80.1399 
  27   0.0000       3.338741        90.8518 

                 SPIN DOWN ORBITALS
  NO   OCC          E(Eh)            E(eV) 
   0   1.0000     -18.800246      -511.5807 
   1   1.0000      -6.595395      -179.4698 
   2   1.0000      -0.904648       -24.6167 
   3   1.0000      -0.380853       -10.3635 
   4   1.0000      -0.333174        -9.0661 
   5   1.0000      -0.333174        -9.0661 
   6   0.0000      -0.195570        -5.3217 
   7   0.0000      -0.006650        -0.1810 
   8   0.0000      -0.006650        -0.1810 
   9   0.0000       0.134303         3.6546 
  10   0.0000       0.238496         6.4898 
  11   0.0000       0.283147         7.7048 
  12   0.0000       0.283147         7.7048 
  13   0.0000       0.643833        17.5196 
  14   0.0000       0.823346        22.4044 
  15   0.0000       0.935326        25.4515 
  16   0.0000       0.935326        25.4515 
  17   0.0000       0.983732        26.7687 
  18   0.0000       0.983735        26.7688 
  19   0.0000       1.146594        31.2004 
  20   0.0000       1.150524        31.3073 
  21   0.0000       1.150524        31.3073 
  22   0.0000       1.756653        47.8010 
  23   0.0000       2.552227        69.4496 
  24   0.0000       2.553706        69.4899 
  25   0.0000       2.955479        80.4227 
  26   0.0000       2.955479        80.4227 
  27   0.0000       3.349556        91.1461 

                    ********************************
                    * MULLIKEN POPULATION ANALYSIS *
                    ********************************

--------------------------------------------
MULLIKEN ATOMIC CHARGES AND SPIN POPULATIONS
--------------------------------------------
   0 B :    0.006056    1.069982
   1 O :   -0.006056   -0.069982
Sum of atomic charges         :   -0.0000000
Sum of atomic spin populations:    1.0000000

-----------------------------------------------------
MULLIKEN REDUCED ORBITAL CHARGES AND SPIN POPULATIONS
-----------------------------------------------------
CHARGE
  0 B s       :     3.145284  s :     3.145284
      pz      :     0.511645  p :     1.760965
      px      :     0.737676
      py      :     0.511645
      dz2     :     0.007418  d :     0.087695
      dxz     :     0.029011
      dyz     :     0.000000
      dx2y2   :     0.022255
      dxy     :     0.029011
  1 O s       :     3.695983  s :     3.695983
      pz      :     1.455458  p :     4.296520
      px      :     1.385603
      py      :     1.455458
      dz2     :     0.001445  d :     0.013553
      dxz     :     0.003886
      dyz     :     0.000000
      dx2y2   :     0.004335
      dxy     :     0.003886

SPIN
  0 B s       :     0.581978  s :     0.581978
      pz      :     0.062021  p :     0.501148
      px      :     0.377107
      py      :     0.062021
      dz2     :    -0.000046  d :    -0.013144
      dxz     :    -0.006479
      dyz     :     0.000000
      dx2y2   :    -0.000139
      dxy     :    -0.006479
  1 O s       :     0.004187  s :     0.004187
      pz      :    -0.055811  p :    -0.075045
      px      :     0.036577
      py      :    -0.055811
      dz2     :     0.000084  d :     0.000875
      dxz     :     0.000269
      dyz     :     0.000000
      dx2y2   :     0.000253
      dxy     :     0.000269


                     *******************************
                     * LOEWDIN POPULATION ANALYSIS *
                     *******************************

-------------------------------------------
LOEWDIN ATOMIC CHARGES AND SPIN POPULATIONS
-------------------------------------------
   0 B :   -0.030866    1.041621
   1 O :    0.030866   -0.041621

----------------------------------------------------
LOEWDIN REDUCED ORBITAL CHARGES AND SPIN POPULATIONS
----------------------------------------------------
CHARGE
  0 B s       :     2.976033  s :     2.976033
      pz      :     0.526304  p :     1.860342
      px      :     0.807735
      py      :     0.526304
      dz2     :     0.019954  d :     0.194491
      dxz     :     0.057337
      dyz     :     0.000000
      dx2y2   :     0.059863
      dxy     :     0.057337
  1 O s       :     3.508686  s :     3.508686
      pz      :     1.412492  p :     4.439637
      px      :     1.614652
      py      :     1.412492
      dz2     :     0.003269  d :     0.020811
      dxz     :     0.003867
      dyz     :     0.000000
      dx2y2   :     0.009807
      dxy     :     0.003867

SPIN
  0 B s       :     0.550615  s :     0.550615
      pz      :     0.057587  p :     0.506413
      px      :     0.391238
      py      :     0.057587
      dz2     :     0.000122  d :    -0.015407
      dxz     :    -0.007947
      dyz     :     0.000000
      dx2y2   :     0.000365
      dxy     :    -0.007947
  1 O s       :     0.009152  s :     0.009152
      pz      :    -0.050049  p :    -0.052114
      px      :     0.047985
      py      :    -0.050049
      dz2     :     0.000131  d :     0.001342
      dxz     :     0.000409
      dyz     :     0.000000
      dx2y2   :     0.000393
      dxy     :     0.000409


                      *****************************
                      * MAYER POPULATION ANALYSIS *
                      *****************************

  NA   - Mulliken gross atomic population
  ZA   - Total nuclear charge
  QA   - Mulliken gross atomic charge
  VA   - Mayer's total valence
  BVA  - Mayer's bonded valence
  FA   - Mayer's free valence

  ATOM       NA         ZA         QA         VA         BVA        FA
  0 B      4.9939     5.0000     0.0061     3.5588     2.6419     0.9169
  1 O      8.0061     8.0000    -0.0061     2.6513     2.6419     0.0094

  Mayer bond orders larger than 0.1
B(  0-B ,  1-O ) :   2.6419 

-------
TIMINGS
-------

Total SCF time: 0 days 0 hours 0 min 3 sec 

Total time                  ....       3.241 sec
Sum of individual times     ....       3.356 sec  (103.6%)

Fock matrix formation       ....       2.855 sec  ( 88.1%)
  Coulomb formation         ....       1.821 sec  ( 63.8% of F)
  Split-RI-J                ....       1.246 sec  ( 43.7% of F)
  XC integration            ....       0.802 sec  ( 28.1% of F)
    Basis function eval.    ....       0.055 sec  (  6.8% of XC)
    Density eval.           ....       0.069 sec  (  8.6% of XC)
    XC-Functional eval.     ....       0.084 sec  ( 10.5% of XC)
    XC-Potential eval.      ....       0.069 sec  (  8.6% of XC)
Diagonalization             ....       0.018 sec  (  0.6%)
Density matrix formation    ....       0.000 sec  (  0.0%)
Population analysis         ....       0.012 sec  (  0.4%)
Initial guess               ....       0.335 sec  ( 10.3%)
Orbital Transformation      ....       0.000 sec  (  0.0%)
Orbital Orthonormalization  ....       0.000 sec  (  0.0%)
DIIS solution               ....       0.006 sec  (  0.2%)
Grid generation             ....       0.130 sec  (  4.0%)

-------------------------   --------------------
FINAL SINGLE POINT ENERGY       -99.949414547819
-------------------------   --------------------

   --->>> g-tensor requested, so NeedSOC=true

                            ***************************************
                            *     ORCA property calculations      *
                            ***************************************

                                    ---------------------
                                    Active property flags
                                    ---------------------
   (+) Dipole Moment
   (+) g-tensor
   (+) Spin-Orbit Integrals are needed


------------------------------------------------------------------------------
                       ORCA ELECTRIC PROPERTIES CALCULATION
------------------------------------------------------------------------------

Dipole Moment Calculation                       ... on
Quadrupole Moment Calculation                   ... off
Polarizability Calculation                      ... off
GBWName                                         ... orca.gbw
Electron density file                           ... orca.scfp.tmp

-------------
DIPOLE MOMENT
-------------
                                X             Y             Z
Electronic contribution:     -1.28910       0.00000       0.00000
Nuclear contribution   :      0.55078       0.00000       0.00000
                        -----------------------------------------
Total Dipole Moment    :     -0.73831       0.00000       0.00000
                        -----------------------------------------
Magnitude (a.u.)       :      0.73831
Magnitude (Debye)      :      1.87665

------------------------------------------------------------------------------
                         ORCA SPIN-ORBIT COUPLING CALCULATION
------------------------------------------------------------------------------

GBW file                                    ... orca.gbw
Input density                               ... orca.scfp.tmp
Output integrals                            ... orca
Operator type                               ... Mean-field/Effective potential
   One-Electron Terms                       ... 1
   Coulomb Contribution                     ... 2
   Exchange Contribution                    ... 3
   Correlation Contribution                 ... 0
   Maximum number of centers                ... 4
Setting up the integration grid             ... done
Evaluating density on the grid              ... (NumEl=   12.999805) done
Evaluating Coulomb term semi-analytically   ... done
One-Center Exchange (+SOO)                  ... done
Evaluating the spin-orbit operator          ... done
Total time for SOC:  0.728
------------------------------------------------------------------------------
                                ORCA EPR/NMR CALCULATION
------------------------------------------------------------------------------

GBWName                      ... orca.gbw
Electron density file        ... orca.scfp.tmp
Spin density file            ... orca.scfr.tmp
Spin-orbit integrals         ... orca
Origin for angular momentum  ... Center of electronic charge
Coordinates of the origin    ...    1.45798177   -0.00000000   -0.00000000 (bohrs)
Details of the CP(SCF) procedure:
       Solver   = POPLE   
       MaxIter  =    64   
       Tolerance=    1.000e-06
       Op-0     =   0-  6 =>   7- 27
       Op-1     =   0-  5 =>   6- 27
Multiplicity                 ... 2
g-tensor                     ... 1
Using LibInt in CPSCF-CP

Calculating angular momentum integrals      ... done
Forming RHS of the CP-SCF equations         ... done


Forming final perturbed densities           ... done

Magnetic field perturbation calculated in  0.175 sec
 Tensor is right-handed.


-------------------
ELECTRONIC G-MATRIX
-------------------

 The g-matrix: 
              2.0022513    0.0000000   -0.0000000
              0.0000000    2.0007136    0.0000000
              0.0000000    0.0000000    2.0007136

 gel          2.0023193    2.0023193    2.0023193
 gRMC        -0.0000977   -0.0000977   -0.0000977
 gDSO(tot)    0.0000784    0.0000784    0.0000296
 gPSO(tot)   -0.0015864   -0.0015864   -0.0000000
             ----------   ----------   ----------
 g(tot)       2.0007136    2.0007136    2.0022513 iso=  2.0012262
 Delta-g     -0.0016057   -0.0016057   -0.0000680 iso= -0.0010931
 Orientation: 
  X           0.0000000    0.0000000    1.0000000
  Y          -0.0089513   -0.9999599    0.0000000
  Z           0.9999599   -0.0089513    0.0000000

Notes:  (1) The principal values are square roots of the eigenvalues of gT*g
        (2) Orientations are eigenvectors of gT*g
        (3) Individual contributions are projections of the full matrices onto the eigenvectors of gT*g


Timings for individual modules:

Sum of individual times         ...        7.043 sec (=   0.117 min)
GTO integral calculation        ...        0.804 sec (=   0.013 min)  11.4 %
Spin-Orbit-Coupling Matrices    ...        0.726 sec (=   0.012 min)  10.3 %
SCF iterations                  ...        3.890 sec (=   0.065 min)  55.2 %
SCF-level EPR/NMR calculation   ...        1.623 sec (=   0.027 min)  23.0 %
                             ****ORCA TERMINATED NORMALLY****
TOTAL RUN TIME: 0 days 0 hours 0 minutes 7 seconds 806 msec


------------------------------------------------------
Statistics for LoadLeveler job ll1-ib0.2984811.0:

number of nodes: 1
number of MPI tasks: 8
number of OpenMP threads per task: 1

memory consumption (high water mark): 0.20 GB

average CPU usage: 3.3 %

